clang -Os -Wno-parentheses-equality -falign-functions -mstackrealign -msse2 -mfpmath=sse  -I. -I"C:/Program Files/OpenModelica1.19.2-64bit/include/omc/c/fmi" -DOMC_FMI_RUNTIME=1 -DCMINPACK_NO_DLL=1  -c -o KIMM_CAR.o KIMM_CAR.c
clang -Os -Wno-parentheses-equality -falign-functions -mstackrealign -msse2 -mfpmath=sse  -I. -I"C:/Program Files/OpenModelica1.19.2-64bit/include/omc/c/fmi" -DOMC_FMI_RUNTIME=1 -DCMINPACK_NO_DLL=1  -c -o KIMM_CAR_functions.o KIMM_CAR_functions.c
clang -Os -Wno-parentheses-equality -falign-functions -mstackrealign -msse2 -mfpmath=sse  -I. -I"C:/Program Files/OpenModelica1.19.2-64bit/include/omc/c/fmi" -DOMC_FMI_RUNTIME=1 -DCMINPACK_NO_DLL=1  -c -o KIMM_CAR_records.o KIMM_CAR_records.c
clang -Os -Wno-parentheses-equality -falign-functions -mstackrealign -msse2 -mfpmath=sse  -I. -I"C:/Program Files/OpenModelica1.19.2-64bit/include/omc/c/fmi" -DOMC_FMI_RUNTIME=1 -DCMINPACK_NO_DLL=1  -c -o KIMM_CAR_01exo.o KIMM_CAR_01exo.c
clang -Os -Wno-parentheses-equality -falign-functions -mstackrealign -msse2 -mfpmath=sse  -I. -I"C:/Program Files/OpenModelica1.19.2-64bit/include/omc/c/fmi" -DOMC_FMI_RUNTIME=1 -DCMINPACK_NO_DLL=1  -c -o KIMM_CAR_02nls.o KIMM_CAR_02nls.c
clang -Os -Wno-parentheses-equality -falign-functions -mstackrealign -msse2 -mfpmath=sse  -I. -I"C:/Program Files/OpenModelica1.19.2-64bit/include/omc/c/fmi" -DOMC_FMI_RUNTIME=1 -DCMINPACK_NO_DLL=1  -c -o KIMM_CAR_03lsy.o KIMM_CAR_03lsy.c
clang -Os -Wno-parentheses-equality -falign-functions -mstackrealign -msse2 -mfpmath=sse  -I. -I"C:/Program Files/OpenModelica1.19.2-64bit/include/omc/c/fmi" -DOMC_FMI_RUNTIME=1 -DCMINPACK_NO_DLL=1  -c -o KIMM_CAR_04set.o KIMM_CAR_04set.c
clang -Os -Wno-parentheses-equality -falign-functions -mstackrealign -msse2 -mfpmath=sse  -I. -I"C:/Program Files/OpenModelica1.19.2-64bit/include/omc/c/fmi" -DOMC_FMI_RUNTIME=1 -DCMINPACK_NO_DLL=1  -c -o KIMM_CAR_05evt.o KIMM_CAR_05evt.c
In file included from KIMM_CAR.c:7:
In file included from ./KIMM_CAR_model.h:5:
In file included from ./openmodelica.h:71:
In file included from ./gc/../openmodelica_types.h:155:
./gc/omc_gc.h:223:28: warning: expression result unused [-Wunused-value]
  GC_register_displacement(0);
                           ^
./gc/omc_gc.h:227:34: warning: expression result unused [-Wunused-value]
  GC_set_force_unmap_on_gcollect(1);
                                 ^
In file included from KIMM_CAR_records.c:4:
In file included from ./meta/meta_modelica.h:49:
./gc/omc_gc.h:223:28: warning: expression result unused [-Wunused-value]
  GC_register_displacement(0);
                           ^
./gc/omc_gc.h:227:34: warning: expression result unused [-Wunused-value]
  GC_set_force_unmap_on_gcollect(1);
                                 ^
In file included from KIMM_CAR_functions.c:2:
In file included from ./KIMM_CAR_functions.h:3:
In file included from ./meta/meta_modelica.h:49:
./gc/omc_gc.h:223:28: warning: expression result unused [-Wunused-value]
  GC_register_displacement(0);
                           ^
./gc/omc_gc.h:227:34: warning: expression result unused [-Wunused-value]
  GC_set_force_unmap_on_gcollect(1);
                                 ^
In file included from KIMM_CAR_01exo.c:2:
In file included from ./KIMM_CAR_model.h:5:
In file included from ./openmodelica.h:71:
In file included from ./gc/../openmodelica_types.h:155:
./gc/omc_gc.h:223:28: warning: expression result unused [-Wunused-value]
  GC_register_displacement(0);
                           ^
./gc/omc_gc.h:227:34: warning: expression result unused [-Wunused-value]
  GC_set_force_unmap_on_gcollect(1);
                                 ^
In file included from KIMM_CAR_02nls.c:2:
In file included from ./KIMM_CAR_model.h:5:
In file included from ./openmodelica.h:71:
In file included from ./gc/../openmodelica_types.h:155:
./gc/omc_gc.h:223:28: warning: expression result unused [-Wunused-value]
  GC_register_displacement(0);
                           ^
./gc/omc_gc.h:227:34: warning: expression result unused [-Wunused-value]
  GC_set_force_unmap_on_gcollect(1);
                                 ^
In file included from KIMM_CAR_03lsy.c:2:
In file included from ./KIMM_CAR_model.h:5:
In file included from ./openmodelica.h:71:
In file included from ./gc/../openmodelica_types.h:155:
./gc/omc_gc.h:223:28: warning: expression result unused [-Wunused-value]
  GC_register_displacement(0);
                           ^
./gc/omc_gc.h:227:34: warning: expression result unused [-Wunused-value]
  GC_set_force_unmap_on_gcollect(1);
                                 ^
In file included from KIMM_CAR_04set.c:2:
In file included from ./KIMM_CAR_model.h:5:
In file included from ./openmodelica.h:71:
In file included from ./gc/../openmodelica_types.h:155:
./gc/omc_gc.h:223:28: warning: expression result unused [-Wunused-value]
  GC_register_displacement(0);
                           ^
./gc/omc_gc.h:227:34: warning: expression result unused [-Wunused-value]
  GC_set_force_unmap_on_gcollect(1);
                                 ^
2 warnings generated.
In file included from KIMM_CAR_05evt.c:2:
In file included from ./KIMM_CAR_model.h:5:
In file included from ./openmodelica.h:71:
In file included from ./gc/../openmodelica_types.h:155:
./gc/omc_gc.h:223:28: warning: expression result unused [-Wunused-value]
  GC_register_displacement(0);
                           ^
./gc/omc_gc.h:227:34: warning: expression result unused [-Wunused-value]
  GC_set_force_unmap_on_gcollect(1);
                                 ^
2 warnings generated.
2 warnings generated.
clang -Os -Wno-parentheses-equality -falign-functions -mstackrealign -msse2 -mfpmath=sse  -I. -I"C:/Program Files/OpenModelica1.19.2-64bit/include/omc/c/fmi" -DOMC_FMI_RUNTIME=1 -DCMINPACK_NO_DLL=1  -c -o KIMM_CAR_06inz.o KIMM_CAR_06inz.c
clang -Os -Wno-parentheses-equality -falign-functions -mstackrealign -msse2 -mfpmath=sse  -I. -I"C:/Program Files/OpenModelica1.19.2-64bit/include/omc/c/fmi" -DOMC_FMI_RUNTIME=1 -DCMINPACK_NO_DLL=1  -c -o KIMM_CAR_07dly.o KIMM_CAR_07dly.c
2 warnings generated.
2 warnings generated.
clang -Os -Wno-parentheses-equality -falign-functions -mstackrealign -msse2 -mfpmath=sse  -I. -I"C:/Program Files/OpenModelica1.19.2-64bit/include/omc/c/fmi" -DOMC_FMI_RUNTIME=1 -DCMINPACK_NO_DLL=1  -c -o KIMM_CAR_08bnd.o KIMM_CAR_08bnd.c
clang -Os -Wno-parentheses-equality -falign-functions -mstackrealign -msse2 -mfpmath=sse  -I. -I"C:/Program Files/OpenModelica1.19.2-64bit/include/omc/c/fmi" -DOMC_FMI_RUNTIME=1 -DCMINPACK_NO_DLL=1  -c -o KIMM_CAR_09alg.o KIMM_CAR_09alg.c
clang -Os -Wno-parentheses-equality -falign-functions -mstackrealign -msse2 -mfpmath=sse  -I. -I"C:/Program Files/OpenModelica1.19.2-64bit/include/omc/c/fmi" -DOMC_FMI_RUNTIME=1 -DCMINPACK_NO_DLL=1  -c -o KIMM_CAR_10asr.o KIMM_CAR_10asr.c
In file included from KIMM_CAR_06inz.c:2:
In file included from ./KIMM_CAR_model.h:5:
In file included from ./openmodelica.h:71:
In file included from ./gc/../openmodelica_types.h:155:
./gc/omc_gc.h:223:28: warning: expression result unused [-Wunused-value]
  GC_register_displacement(0);
                           ^
./gc/omc_gc.h:227:34: warning: expression result unused [-Wunused-value]
  GC_set_force_unmap_on_gcollect(1);
                                 ^
2 warnings generated.
In file included from KIMM_CAR_07dly.c:2:
In file included from ./KIMM_CAR_model.h:5:
In file included from ./openmodelica.h:71:
In file included from ./gc/../openmodelica_types.h:155:
./gc/omc_gc.h:223:28: warning: expression result unused [-Wunused-value]
  GC_register_displacement(0);
                           ^
./gc/omc_gc.h:227:34: warning: expression result unused [-Wunused-value]
  GC_set_force_unmap_on_gcollect(1);
                                 ^
clang -Os -Wno-parentheses-equality -falign-functions -mstackrealign -msse2 -mfpmath=sse  -I. -I"C:/Program Files/OpenModelica1.19.2-64bit/include/omc/c/fmi" -DOMC_FMI_RUNTIME=1 -DCMINPACK_NO_DLL=1  -c -o KIMM_CAR_11mix.o KIMM_CAR_11mix.c
2 warnings generated.
In file included from KIMM_CAR_09alg.c:2:
In file included from ./KIMM_CAR_model.h:5:
In file included from ./openmodelica.h:71:
In file included from ./gc/../openmodelica_types.h:155:
./gc/omc_gc.h:223:28: warning: expression result unused [-Wunused-value]
  GC_register_displacement(0);
                           ^
./gc/omc_gc.h:227:34: warning: expression result unused [-Wunused-value]
  GC_set_force_unmap_on_gcollect(1);
                                 ^
clang -Os -Wno-parentheses-equality -falign-functions -mstackrealign -msse2 -mfpmath=sse  -I. -I"C:/Program Files/OpenModelica1.19.2-64bit/include/omc/c/fmi" -DOMC_FMI_RUNTIME=1 -DCMINPACK_NO_DLL=1  -c -o KIMM_CAR_12jac.o KIMM_CAR_12jac.c
2 warnings generated.
In file included from KIMM_CAR_10asr.c:2:
In file included from ./KIMM_CAR_model.h:5:
In file included from ./openmodelica.h:71:
In file included from ./gc/../openmodelica_types.h:155:
./gc/omc_gc.h:223:28: warning: expression result unused [-Wunused-value]
  GC_register_displacement(0);
                           ^
./gc/omc_gc.h:227:34: warning: expression result unused [-Wunused-value]
  GC_set_force_unmap_on_gcollect(1);
                                 ^
In file included from KIMM_CAR_08bnd.c:2:
In file included from ./KIMM_CAR_model.h:5:
In file included from ./openmodelica.h:71:
In file included from ./gc/../openmodelica_types.h:155:
./gc/omc_gc.h:223:28: warning: expression result unused [-Wunused-value]
  GC_register_displacement(0);
                           ^
./gc/omc_gc.h:227:34: warning: expression result unused [-Wunused-value]
  GC_set_force_unmap_on_gcollect(1);
                                 ^
clang -Os -Wno-parentheses-equality -falign-functions -mstackrealign -msse2 -mfpmath=sse  -I. -I"C:/Program Files/OpenModelica1.19.2-64bit/include/omc/c/fmi" -DOMC_FMI_RUNTIME=1 -DCMINPACK_NO_DLL=1  -c -o KIMM_CAR_13opt.o KIMM_CAR_13opt.c
2 warnings generated.
clang -Os -Wno-parentheses-equality -falign-functions -mstackrealign -msse2 -mfpmath=sse  -I. -I"C:/Program Files/OpenModelica1.19.2-64bit/include/omc/c/fmi" -DOMC_FMI_RUNTIME=1 -DCMINPACK_NO_DLL=1  -c -o KIMM_CAR_14lnz.o KIMM_CAR_14lnz.c
In file included from KIMM_CAR_12jac.c:2:
In file included from ./KIMM_CAR_model.h:5:
In file included from ./openmodelica.h:71:
In file included from ./gc/../openmodelica_types.h:155:
./gc/omc_gc.h:223:28: warning: expression result unused [-Wunused-value]
  GC_register_displacement(0);
                           ^
./gc/omc_gc.h:227:34: warning: expression result unused [-Wunused-value]
  GC_set_force_unmap_on_gcollect(1);
                                 ^
In file included from KIMM_CAR_11mix.c:2:
In file included from ./KIMM_CAR_model.h:5:
In file included from ./openmodelica.h:71:
In file included from ./gc/../openmodelica_types.h:155:
./gc/omc_gc.h:223:28: warning: expression result unused [-Wunused-value]
  GC_register_displacement(0);
                           ^
./gc/omc_gc.h:227:34: warning: expression result unused [-Wunused-value]
  GC_set_force_unmap_on_gcollect(1);
                                 ^
2 warnings generated.
2 warnings generated.
In file included from KIMM_CAR_13opt.c:2:
In file included from ./KIMM_CAR_model.h:5:
In file included from ./openmodelica.h:71:
In file included from ./gc/../openmodelica_types.h:155:
./gc/omc_gc.h:223:28: warning: expression result unused [-Wunused-value]
  GC_register_displacement(0);
                           ^
./gc/omc_gc.h:227:34: warning: expression result unused [-Wunused-value]
  GC_set_force_unmap_on_gcollect(1);
                                 ^
clang -Os -Wno-parentheses-equality -falign-functions -mstackrealign -msse2 -mfpmath=sse  -I. -I"C:/Program Files/OpenModelica1.19.2-64bit/include/omc/c/fmi" -DOMC_FMI_RUNTIME=1 -DCMINPACK_NO_DLL=1  -c -o KIMM_CAR_15syn.o KIMM_CAR_15syn.c
clang -Os -Wno-parentheses-equality -falign-functions -mstackrealign -msse2 -mfpmath=sse  -I. -I"C:/Program Files/OpenModelica1.19.2-64bit/include/omc/c/fmi" -DOMC_FMI_RUNTIME=1 -DCMINPACK_NO_DLL=1  -c -o KIMM_CAR_16dae.o KIMM_CAR_16dae.c
In file included from KIMM_CAR_14lnz.c:2:
In file included from ./KIMM_CAR_model.h:5:
In file included from ./openmodelica.h:71:
In file included from ./gc/../openmodelica_types.h:155:
./gc/omc_gc.h:223:28: warning: expression result unused [-Wunused-value]
  GC_register_displacement(0);
                           ^
./gc/omc_gc.h:227:34: warning: expression result unused [-Wunused-value]
  GC_set_force_unmap_on_gcollect(1);
                                 ^
2 warnings generated.
clang -Os -Wno-parentheses-equality -falign-functions -mstackrealign -msse2 -mfpmath=sse  -I. -I"C:/Program Files/OpenModelica1.19.2-64bit/include/omc/c/fmi" -DOMC_FMI_RUNTIME=1 -DCMINPACK_NO_DLL=1  -c -o KIMM_CAR_17inl.o KIMM_CAR_17inl.c
2 warnings generated.
2 warnings generated.
clang -Os -Wno-parentheses-equality -falign-functions -mstackrealign -msse2 -mfpmath=sse  -I. -I"C:/Program Files/OpenModelica1.19.2-64bit/include/omc/c/fmi" -DOMC_FMI_RUNTIME=1 -DCMINPACK_NO_DLL=1  -c -o KIMM_CAR_18spd.o KIMM_CAR_18spd.c
2 warnings generated.
clang -Os -Wno-parentheses-equality -falign-functions -mstackrealign -msse2 -mfpmath=sse  -I. -I"C:/Program Files/OpenModelica1.19.2-64bit/include/omc/c/fmi" -DOMC_FMI_RUNTIME=1 -DCMINPACK_NO_DLL=1  -c -o KIMM_CAR_init_fmu.o KIMM_CAR_init_fmu.c
clang -Os -Wno-parentheses-equality -falign-functions -mstackrealign -msse2 -mfpmath=sse  -I. -I"C:/Program Files/OpenModelica1.19.2-64bit/include/omc/c/fmi" -DOMC_FMI_RUNTIME=1 -DCMINPACK_NO_DLL=1  -c -o KIMM_CAR_FMU.o KIMM_CAR_FMU.c
In file included from KIMM_CAR_15syn.c:2:
In file included from ./KIMM_CAR_model.h:5:
In file included from ./openmodelica.h:71:
In file included from ./gc/../openmodelica_types.h:155:
./gc/omc_gc.h:223:28: warning: expression result unused [-Wunused-value]
  GC_register_displacement(0);
                           ^
./gc/omc_gc.h:227:34: warning: expression result unused [-Wunused-value]
  GC_set_force_unmap_on_gcollect(1);
                                 ^
2 warnings generated.
In file included from KIMM_CAR_16dae.c:2:
In file included from ./KIMM_CAR_model.h:5:
In file included from ./openmodelica.h:71:
In file included from ./gc/../openmodelica_types.h:155:
./gc/omc_gc.h:223:28: warning: expression result unused [-Wunused-value]
  GC_register_displacement(0);
                           ^
./gc/omc_gc.h:227:34: warning: expression result unused [-Wunused-value]
  GC_set_force_unmap_on_gcollect(1);
                                 ^
In file included from KIMM_CAR_17inl.c:2:
In file included from ./KIMM_CAR_model.h:5:
In file included from ./openmodelica.h:71:
In file included from ./gc/../openmodelica_types.h:155:
./gc/omc_gc.h:223:28: warning: expression result unused [-Wunused-value]
  GC_register_displacement(0);
                           ^
./gc/omc_gc.h:227:34: warning: expression result unused [-Wunused-value]
  GC_set_force_unmap_on_gcollect(1);
                                 ^
2 warnings generated.
In file included from KIMM_CAR_init_fmu.c:1:
In file included from ./simulation_data.h:39:
In file included from ./openmodelica.h:71:
In file included from ./gc/../openmodelica_types.h:155:
./gc/omc_gc.h:223:28: warning: expression result unused [-Wunused-value]
  GC_register_displacement(0);
                           ^
./gc/omc_gc.h:227:34: warning: expression result unused [-Wunused-value]
  GC_set_force_unmap_on_gcollect(1);
                                 ^
In file included from KIMM_CAR_18spd.c:2:
In file included from ./KIMM_CAR_model.h:5:
In file included from ./openmodelica.h:71:
In file included from ./gc/../openmodelica_types.h:155:
./gc/omc_gc.h:223:28: warning: expression result unused [-Wunused-value]
  GC_register_displacement(0);
                           ^
./gc/omc_gc.h:227:34: warning: expression result unused [-Wunused-value]
  GC_set_force_unmap_on_gcollect(1);
                                 ^
2 warnings generated.
In file included from KIMM_CAR_FMU.c:9:
In file included from ./openmodelica.h:71:
In file included from ./gc/../openmodelica_types.h:155:
./gc/omc_gc.h:223:28: warning: expression result unused [-Wunused-value]
  GC_register_displacement(0);
                           ^
./gc/omc_gc.h:227:34: warning: expression result unused [-Wunused-value]
  GC_set_force_unmap_on_gcollect(1);
                                 ^
2 warnings generated.
2 warnings generated.
In file included from KIMM_CAR_FMU.c:59:
./fmi-export/fmu2_model_interface.c.inc:213:16: warning: passing 'char **' to parameter of type 'const char **' discards qualifiers in nested pointer types [-Wincompatible-pointer-types-discards-qualifiers]
  GC_vasprintf(&str, msg, args);
               ^~~~
./gc/../meta/../util/modelica_string.h:71:31: note: passing argument to parameter 'strp' here
int GC_vasprintf(const char **strp, const char *fmt, va_list ap);
                              ^
In file included from KIMM_CAR_FMU.c:60:
./fmi-export/fmu_read_flags.c.inc:181:7: warning: implicit declaration of function 'access' is invalid in C99 [-Wimplicit-function-declaration]
  if( access( flags_filename, 0 ) != -1 )
      ^
2 warnings generated.
2 warnings generated.
4 warnings generated.
g++ -shared -I. -o KIMM_CAR.dll   KIMM_CAR.o KIMM_CAR_functions.o KIMM_CAR_records.o KIMM_CAR_01exo.o KIMM_CAR_02nls.o KIMM_CAR_03lsy.o KIMM_CAR_04set.o KIMM_CAR_05evt.o KIMM_CAR_06inz.o KIMM_CAR_07dly.o KIMM_CAR_08bnd.o KIMM_CAR_09alg.o KIMM_CAR_10asr.o KIMM_CAR_11mix.o KIMM_CAR_12jac.o KIMM_CAR_13opt.o KIMM_CAR_14lnz.o KIMM_CAR_15syn.o KIMM_CAR_16dae.o KIMM_CAR_17inl.o KIMM_CAR_18spd.o KIMM_CAR_init_fmu.o KIMM_CAR_FMU.o -I. -I"C:/Program Files/OpenModelica1.19.2-64bit/include/omc/c/fmi" -DOMC_FMI_RUNTIME=1 -DCMINPACK_NO_DLL=1 -L"C:/Users/ehsdl/Desktop/Modelica_Models/KIMM_CAR_MODEL"   -Os -Wno-parentheses-equality -falign-functions -mstackrealign -msse2 -mfpmath=sse  -L"C:/Program Files/OpenModelica1.19.2-64bit/lib//omc" -Wl,-rpath,"C:/Program Files/OpenModelica1.19.2-64bit/lib//omc" -fopenmp -Wl,-Bstatic -lregex -ltre -lintl -liconv -lexpat -lomcgc -lpthread -loleaut32 -limagehlp -lhdf5 -lz -lszip -Wl,-Bdynamic  -lSimulationRuntimeFMI  -Wl,-Bstatic -lregex -ltre -lintl -liconv -static-libgcc -lpthread -lm  -lgfortran -lquadmath -lmingw32 -lgcc_eh -lmoldname -lmingwex  -luser32 -lkernel32 -ladvapi32 -lshell32 -limagehlp -lopenblas -lhdf5 -lz -lszip -Wl,-Bdynamic  -llis -Wl,--kill-at
mkdir.exe -p ../binaries/win64
dlltool -d KIMM_CAR.def --dllname KIMM_CAR.dll --output-lib KIMM_CAR.lib --kill-at
cp KIMM_CAR.dll KIMM_CAR.lib KIMM_CAR_FMU.libs ../binaries/win64/
rm -f *.o KIMM_CAR.dll KIMM_CAR.o KIMM_CAR_functions.o KIMM_CAR_records.o KIMM_CAR_01exo.o KIMM_CAR_02nls.o KIMM_CAR_03lsy.o KIMM_CAR_04set.o KIMM_CAR_05evt.o KIMM_CAR_06inz.o KIMM_CAR_07dly.o KIMM_CAR_08bnd.o KIMM_CAR_09alg.o KIMM_CAR_10asr.o KIMM_CAR_11mix.o KIMM_CAR_12jac.o KIMM_CAR_13opt.o KIMM_CAR_14lnz.o KIMM_CAR_15syn.o KIMM_CAR_16dae.o KIMM_CAR_17inl.o KIMM_CAR_18spd.o KIMM_CAR_init_fmu.o KIMM_CAR_FMU.o  
cd .. && rm -f ../KIMM_CAR.fmu && zip -r ../KIMM_CAR.fmu *
  adding: binaries/ (stored 0%)
  adding: binaries/win64/ (stored 0%)
  adding: binaries/win64/KIMM_CAR.dll (deflated 77%)
  adding: binaries/win64/KIMM_CAR.lib (deflated 93%)
  adding: binaries/win64/KIMM_CAR_FMU.libs (stored 0%)
  adding: modelDescription.xml (deflated 93%)
  adding: resources/ (stored 0%)
  adding: resources/KIMM_CAR_info.json (deflated 94%)
  adding: resources/static.log (deflated 91%)
  adding: sources/ (stored 0%)
  adding: sources/CMakeLists.txt (deflated 65%)
  adding: sources/CMakeLists.txt.in (deflated 64%)
  adding: sources/config.log (stored 0%)
  adding: sources/configure.ac (deflated 67%)
  adding: sources/dataReconciliation/ (stored 0%)
  adding: sources/dataReconciliation/dataReconciliation.h (deflated 48%)
  adding: sources/fmi-export/ (stored 0%)
  adding: sources/fmi-export/fmu2_model_interface.c.inc (deflated 84%)
  adding: sources/fmi-export/fmu2_model_interface.h (deflated 59%)
  adding: sources/fmi-export/fmu_read_flags.c.inc (deflated 68%)
  adding: sources/fmi-export/fmu_read_flags.h (deflated 47%)
  adding: sources/gc/ (stored 0%)
  adding: sources/gc/memory_pool.c (deflated 67%)
  adding: sources/gc/memory_pool.h (deflated 50%)
  adding: sources/gc/omc_gc.c (deflated 54%)
  adding: sources/gc/omc_gc.h (deflated 66%)
  adding: sources/include/ (stored 0%)
  adding: sources/isfmi2 (stored 0%)
  adding: sources/KIMM_CAR.c (deflated 91%)
  adding: sources/KIMM_CAR.def (deflated 73%)
  adding: sources/KIMM_CAR.lib (deflated 93%)
  adding: sources/KIMM_CAR.makefile (deflated 2%)
  adding: sources/KIMM_CAR_01exo.c (deflated 43%)
  adding: sources/KIMM_CAR_02nls.c (deflated 36%)
  adding: sources/KIMM_CAR_03lsy.c (deflated 38%)
  adding: sources/KIMM_CAR_04set.c (deflated 42%)
  adding: sources/KIMM_CAR_05evt.c (deflated 91%)
  adding: sources/KIMM_CAR_06inz.c (deflated 92%)
  adding: sources/KIMM_CAR_07dly.c (deflated 32%)
  adding: sources/KIMM_CAR_08bnd.c (deflated 93%)
  adding: sources/KIMM_CAR_09alg.c (deflated 89%)
  adding: sources/KIMM_CAR_10asr.c (deflated 33%)
  adding: sources/KIMM_CAR_11mix.c (deflated 51%)
  adding: sources/KIMM_CAR_11mix.h (stored 0%)
  adding: sources/KIMM_CAR_12jac.c (deflated 82%)
  adding: sources/KIMM_CAR_12jac.h (deflated 84%)
  adding: sources/KIMM_CAR_13opt.c (deflated 73%)
  adding: sources/KIMM_CAR_13opt.h (deflated 57%)
  adding: sources/KIMM_CAR_14lnz.c (deflated 85%)
  adding: sources/KIMM_CAR_15syn.c (deflated 62%)
  adding: sources/KIMM_CAR_16dae.c (deflated 27%)
  adding: sources/KIMM_CAR_17inl.c (deflated 28%)
  adding: sources/KIMM_CAR_18spd.c (deflated 50%)
  adding: sources/KIMM_CAR_FMU.c (deflated 92%)
  adding: sources/KIMM_CAR_FMU.libs (stored 0%)
  adding: sources/KIMM_CAR_functions.c (deflated 91%)
  adding: sources/KIMM_CAR_functions.h (deflated 82%)
  adding: sources/KIMM_CAR_includes.h (stored 0%)
  adding: sources/KIMM_CAR_init_fmu.c (deflated 93%)
  adding: sources/KIMM_CAR_literals.h (deflated 65%)
  adding: sources/KIMM_CAR_model.h (deflated 78%)
  adding: sources/KIMM_CAR_records.c (deflated 37%)
  adding: sources/linearization/ (stored 0%)
  adding: sources/linearization/linearize.h (deflated 47%)
  adding: sources/Makefile (deflated 63%)
  adding: sources/Makefile.in (deflated 63%)
  adding: sources/math-support/ (stored 0%)
  adding: sources/math-support/pivot.c (deflated 65%)
  adding: sources/meta/ (stored 0%)
  adding: sources/meta/meta_modelica.h (deflated 63%)
  adding: sources/meta/meta_modelica_builtin.h (deflated 74%)
  adding: sources/meta/meta_modelica_builtin_boxptr.h (deflated 77%)
  adding: sources/meta/meta_modelica_builtin_boxvar.h (deflated 89%)
  adding: sources/meta/meta_modelica_catch.c (deflated 45%)
  adding: sources/meta/meta_modelica_data.h (deflated 69%)
  adding: sources/meta/meta_modelica_mk_box.h (deflated 96%)
  adding: sources/meta/meta_modelica_segv.h (deflated 60%)
  adding: sources/ModelicaUtilities.h (deflated 70%)
  adding: sources/omc_inline.h (deflated 49%)
  adding: sources/omc_simulation_settings.h (deflated 56%)
  adding: sources/openmodelica.h (deflated 60%)
  adding: sources/openmodelica_func.h (deflated 74%)
  adding: sources/openmodelica_types.h (deflated 61%)
  adding: sources/optimization/ (stored 0%)
  adding: sources/optimization/OptimizerData.h (deflated 64%)
  adding: sources/optimization/OptimizerInterface.h (deflated 46%)
  adding: sources/optimization/OptimizerLocalFunction.h (deflated 58%)
  adding: sources/simulation/ (stored 0%)
  adding: sources/simulation/modelinfo.h (deflated 52%)
  adding: sources/simulation/omc_simulation_util.c (deflated 49%)
  adding: sources/simulation/omc_simulation_util.h (deflated 52%)
  adding: sources/simulation/options.c (deflated 75%)
  adding: sources/simulation/options.h (deflated 47%)
  adding: sources/simulation/results/ (stored 0%)
  adding: sources/simulation/results/simulation_result.h (deflated 53%)
  adding: sources/simulation/simulation_info_json.c (deflated 73%)
  adding: sources/simulation/simulation_info_json.h (deflated 53%)
  adding: sources/simulation/simulation_input_xml.h (deflated 48%)
  adding: sources/simulation/simulation_omc_assert.c (deflated 69%)
  adding: sources/simulation/simulation_omc_assert.h (deflated 59%)
  adding: sources/simulation/simulation_runtime.h (deflated 56%)
  adding: sources/simulation/solver/ (stored 0%)
  adding: sources/simulation/solver/cvode_solver.h (deflated 68%)
  adding: sources/simulation/solver/dae_mode.h (deflated 53%)
  adding: sources/simulation/solver/dassl.h (deflated 57%)
  adding: sources/simulation/solver/delay.c (deflated 71%)
  adding: sources/simulation/solver/delay.h (deflated 53%)
  adding: sources/simulation/solver/embedded_server.h (deflated 51%)
  adding: sources/simulation/solver/epsilon.h (deflated 51%)
  adding: sources/simulation/solver/events.h (deflated 50%)
  adding: sources/simulation/solver/external_input.h (deflated 46%)
  adding: sources/simulation/solver/fmi_events.c (deflated 67%)
  adding: sources/simulation/solver/fmi_events.h (deflated 46%)
  adding: sources/simulation/solver/ida_solver.h (deflated 61%)
  adding: sources/simulation/solver/initialization/ (stored 0%)
  adding: sources/simulation/solver/initialization/initialization.c (deflated 77%)
  adding: sources/simulation/solver/initialization/initialization.h (deflated 50%)
  adding: sources/simulation/solver/linearSolverLapack.h (deflated 47%)
  adding: sources/simulation/solver/linearSolverTotalPivot.h (deflated 48%)
  adding: sources/simulation/solver/linearSystem.h (deflated 52%)
  adding: sources/simulation/solver/mixedSearchSolver.h (deflated 47%)
  adding: sources/simulation/solver/mixedSystem.h (deflated 49%)
  adding: sources/simulation/solver/model_help.c (deflated 82%)
  adding: sources/simulation/solver/model_help.h (deflated 72%)
  adding: sources/simulation/solver/nonlinearSolverHomotopy.h (deflated 47%)
  adding: sources/simulation/solver/nonlinearSolverHybrd.h (deflated 57%)
  adding: sources/simulation/solver/nonlinearSystem.h (deflated 61%)
  adding: sources/simulation/solver/nonlinearValuesList.h (deflated 53%)
  adding: sources/simulation/solver/omc_math.c (deflated 85%)
  adding: sources/simulation/solver/omc_math.h (deflated 71%)
  adding: sources/simulation/solver/perform_qss_simulation.c.inc (deflated 72%)
  adding: sources/simulation/solver/perform_simulation.c.inc (deflated 72%)
  adding: sources/simulation/solver/real_time_sync.h (deflated 47%)
  adding: sources/simulation/solver/solver_main.h (deflated 60%)
  adding: sources/simulation/solver/spatialDistribution.c (deflated 83%)
  adding: sources/simulation/solver/spatialDistribution.h (deflated 57%)
  adding: sources/simulation/solver/stateset.c (deflated 74%)
  adding: sources/simulation/solver/stateset.h (deflated 52%)
  adding: sources/simulation/solver/sundials_error.h (deflated 58%)
  adding: sources/simulation/solver/synchronous.c (deflated 77%)
  adding: sources/simulation/solver/synchronous.h (deflated 52%)
  adding: sources/simulation_data.h (deflated 73%)
  adding: sources/util/ (stored 0%)
  adding: sources/util/base_array.c (deflated 77%)
  adding: sources/util/base_array.h (deflated 63%)
  adding: sources/util/boolean_array.c (deflated 81%)
  adding: sources/util/boolean_array.h (deflated 78%)
  adding: sources/util/division.c (deflated 64%)
  adding: sources/util/division.h (deflated 62%)
  adding: sources/util/doubleEndedList.c (deflated 79%)
  adding: sources/util/doubleEndedList.h (deflated 66%)
  adding: sources/util/generic_array.c (deflated 72%)
  adding: sources/util/generic_array.h (deflated 74%)
  adding: sources/util/index_spec.c (deflated 66%)
  adding: sources/util/index_spec.h (deflated 50%)
  adding: sources/util/integer_array.c (deflated 83%)
  adding: sources/util/integer_array.h (deflated 83%)
  adding: sources/util/jacobian_util.c (deflated 51%)
  adding: sources/util/jacobian_util.h (deflated 49%)
  adding: sources/util/java_interface.h (deflated 62%)
  adding: sources/util/libcsv.h (deflated 68%)
  adding: sources/util/list.c (deflated 73%)
  adding: sources/util/list.h (deflated 57%)
  adding: sources/util/modelica.h (deflated 53%)
  adding: sources/util/ModelicaUtilities.c (deflated 68%)
  adding: sources/util/modelica_string.c (deflated 73%)
  adding: sources/util/modelica_string.h (deflated 72%)
  adding: sources/util/modelica_string_lit.c (deflated 91%)
  adding: sources/util/modelica_string_lit.h (deflated 45%)
  adding: sources/util/omc_error.c (deflated 78%)
  adding: sources/util/omc_error.h (deflated 76%)
  adding: sources/util/omc_file.c (deflated 67%)
  adding: sources/util/omc_file.h (deflated 59%)
  adding: sources/util/omc_init.c (deflated 48%)
  adding: sources/util/omc_init.h (deflated 51%)
  adding: sources/util/omc_mmap.c (deflated 66%)
  adding: sources/util/omc_mmap.h (deflated 66%)
  adding: sources/util/omc_msvc.c (deflated 65%)
  adding: sources/util/omc_msvc.h (deflated 61%)
  adding: sources/util/omc_numbers.c (deflated 63%)
  adding: sources/util/omc_numbers.h (deflated 38%)
  adding: sources/util/omc_spinlock.h (deflated 42%)
  adding: sources/util/parallel_helper.c (deflated 52%)
  adding: sources/util/parallel_helper.h (deflated 47%)
  adding: sources/util/rational.c (deflated 71%)
  adding: sources/util/rational.h (deflated 55%)
  adding: sources/util/read_csv.h (deflated 49%)
  adding: sources/util/read_matlab4.h (deflated 58%)
  adding: sources/util/read_write.h (deflated 70%)
  adding: sources/util/real_array.c (deflated 82%)
  adding: sources/util/real_array.h (deflated 80%)
  adding: sources/util/ringbuffer.c (deflated 70%)
  adding: sources/util/ringbuffer.h (deflated 51%)
  adding: sources/util/rtclock.h (deflated 65%)
  adding: sources/util/simulation_options.c (deflated 82%)
  adding: sources/util/simulation_options.h (deflated 68%)
  adding: sources/util/string_array.c (deflated 80%)
  adding: sources/util/string_array.h (deflated 78%)
  adding: sources/util/uthash.h (deflated 81%)
  adding: sources/util/utility.c (deflated 68%)
  adding: sources/util/utility.h (deflated 65%)
  adding: sources/util/varinfo.c (deflated 55%)
  adding: sources/util/varinfo.h (deflated 47%)
